// Jest Snapshot v1, https://goo.gl/fbAQLP

exports[`shuffleArray should should run 1`] = `[Function]`;
